+ set -euo pipefail
+++ dirname ./test_final_compliance.sh
++ cd .
++ pwd
+ SCRIPT_DIR=/var/home/dlafreniere/bin/dcutil-files
+ DCUTIL=/var/home/dlafreniere/bin/dcutil-files/dcutil
+ RED='\033[0;31m'
+ GREEN='\033[0;32m'
+ YELLOW='\033[1;33m'
+ BLUE='\033[0;34m'
+ NC='\033[0m'
+ TESTS_TOTAL=0
+ TESTS_PASSED=0
+ TESTS_FAILED=0
+ TESTS_SKIPPED=0
+ TEST_DIR=/tmp/dcutil_final_test_2496689
+ mkdir -p /tmp/dcutil_final_test_2496689
+ cd /tmp/dcutil_final_test_2496689
+ echo 'Final Devcontainer Specification Compliance Test'
+ echo ===============================================
+ echo 'Testing 100% specification compliance across all features'
+ echo ''
+ run_test 'Main help system' '/var/home/dlafreniere/bin/dcutil-files/dcutil help'
+ local 'test_name=Main help system'
+ local 'test_command=/var/home/dlafreniere/bin/dcutil-files/dcutil help'
+ (( TESTS_TOTAL++ ))
